Flutter crash report.
Please report a bug at https://github.com/flutter/flutter/issues.

## command

flutter analyze

## exception

_Exception: Exception: analysis server exited with code 64 and output:
[stderr] Project
[stderr]   build       Build a Dart application including code assets.
[stderr]   compile     Compile Dart to various formats.
[stderr]   create      Create a new Dart project.
[stderr]   pub         Work with packages.
[stderr]   run         Run a Dart program from a file or a local package.
[stderr]   test        Run tests for a project.
[stderr] 
[stderr] Source code
[stderr]   analyze     Analyze Dart code in a directory.
[stderr]   doc         Generate API documentation for Dart projects.
[stderr]   fix         Apply automated fixes to Dart source code.
[stderr]   format      Idiomatically format Dart source code.
[stderr] 
[stderr] Tools
[stderr]   devtools    Open DevTools (optionally connecting to an existing application).
[stderr]   info        Show diagnostic information about the installed tooling.
[stderr] 
[stderr] Run "dart help <command>" for more information about a command.
[stderr] See https://dart.dev/tools/dart-tool for detailed documentation.

```
```

## flutter doctor

```
[✓] Flutter (Channel stable, 3.41.6, on macOS 26.5.2 25F84 darwin-arm64, locale en-UZ) [643ms]
    • Flutter version 3.41.6 on channel stable at /Users/akmalbahronov/development/flutter
    • Upstream repository https://github.com/flutter/flutter.git
    • Framework revision db50e20168 (5 months ago), 2026-03-25 16:21:00 -0700
    • Engine revision 425cfb54d0
    • Dart version 3.11.4
    • DevTools version 2.54.2
    • Feature flags: enable-web, no-enable-linux-desktop, enable-macos-desktop, no-enable-windows-desktop, enable-android, enable-ios, cli-animations, enable-native-assets, omit-legacy-version-file, enable-lldb-debugging, enable-uiscene-migration

[✓] Android toolchain - develop for Android devices (Android SDK version 36.1.0-rc1) [3.2s]
    • Android SDK at /Users/akmalbahronov/Library/Android/sdk
    • Emulator version 37.1.11.0 (build_id 15917651) (CL:N/A)
    • Platform android-36.1, build-tools 36.1.0-rc1
    • Java binary at: /Users/akmalbahronov/Applications/Android Studio.app/Contents/jbr/Contents/Home/bin/java
      This is the JDK bundled with the latest Android Studio installation on this machine.
      To manually set the JDK path, use: `flutter config --jdk-dir="path/to/jdk"`.
    • Java version OpenJDK Runtime Environment (build 21.0.10+-117844308-b1163.108)
    • All Android licenses accepted.

[✓] Xcode - develop for iOS and macOS (Xcode 26.4.1) [1,928ms]
    • Xcode at /Applications/Xcode.app/Contents/Developer
    • Build 17E202
    • CocoaPods version 1.16.2

[✓] Chrome - develop for the web [5ms]
    • Chrome at /Applications/Google Chrome.app/Contents/MacOS/Google Chrome

[✓] Connected device (3 available) [7.0s]
    • iPhone 16e (mobile) • 928027A2-8576-4FFC-9925-F5BA936D1407 • ios            • com.apple.CoreSimulator.SimRuntime.iOS-26-0 (simulator)
    • macOS (desktop)     • macos                                • darwin-arm64   • macOS 26.5.2 25F84 darwin-arm64
    • Chrome (web)        • chrome                               • web-javascript • Google Chrome 151.0.7922.138
    ! Error: Browsing on the local area network for Sarvarbek’s iPhone. Ensure the device is unlocked and attached with a cable or associated with the same local area network as this Mac.
      The device must be opted into Developer Mode to connect wirelessly. (code -27)

[✓] Network resources [973ms]
    • All expected network resources are available.

• No issues found!
```
